W0817 05:08:25.051000 300958 site-packages/torch/utils/cpp_extension.py:2527] TORCH_CUDA_ARCH_LIST is not set, all archs for visible cards are included for compilation. 
W0817 05:08:25.051000 300958 site-packages/torch/utils/cpp_extension.py:2527] If this is not desired, please set os.environ['TORCH_CUDA_ARCH_LIST'] to specific architectures.
[env] device=MetaX C500 torch=2.8.0+metax3.7.1.3 flashinfer=0.2.6+metax3.7.1.3torch2.8
[case 01] b1_l1024_h64: B=1, L=1024, H=64
W0817 05:08:25.122000 300958 site-packages/torch/utils/cpp_extension.py:2527] TORCH_CUDA_ARCH_LIST is not set, all archs for visible cards are included for compilation. 
W0817 05:08:25.122000 300958 site-packages/torch/utils/cpp_extension.py:2527] If this is not desired, please set os.environ['TORCH_CUDA_ARCH_LIST'] to specific architectures.
W0817 05:08:25.124000 300958 site-packages/torch/utils/cpp_extension.py:2527] TORCH_CUDA_ARCH_LIST is not set, all archs for visible cards are included for compilation. 
W0817 05:08:25.124000 300958 site-packages/torch/utils/cpp_extension.py:2527] If this is not desired, please set os.environ['TORCH_CUDA_ARCH_LIST'] to specific architectures.
  passed=True match=1.000000 max_err=0.000976562 candidate=4.740ms flashinfer=0.037ms bw=0.2GB/s
[case 02] b4_l1024_h64: B=4, L=1024, H=64
  passed=True match=1.000000 max_err=0.00195312 candidate=4.792ms flashinfer=0.050ms bw=1.0GB/s
[case 03] b16_l1024_h64: B=16, L=1024, H=64
  passed=True match=1.000000 max_err=0.00195312 candidate=6.768ms flashinfer=0.068ms bw=2.8GB/s
[case 04] b64_l1024_h64: B=64, L=1024, H=64
  passed=True match=1.000000 max_err=0.00195312 candidate=13.241ms flashinfer=0.155ms bw=5.7GB/s
[case 05] b1_l4096_h64: B=1, L=4096, H=64
  passed=True match=1.000000 max_err=0.000976562 candidate=19.173ms flashinfer=0.054ms bw=0.2GB/s
[case 06] b4_l4096_h64: B=4, L=4096, H=64
  passed=True match=1.000000 max_err=0.000976562 candidate=23.006ms flashinfer=0.077ms bw=0.8GB/s
[case 07] b16_l4096_h64: B=16, L=4096, H=64
  passed=True match=1.000000 max_err=0.000976562 candidate=27.106ms flashinfer=0.144ms bw=2.8GB/s
[case 08] b1_l8192_h64: B=1, L=8192, H=64
  passed=True match=1.000000 max_err=0.000976562 candidate=42.711ms flashinfer=0.061ms bw=0.2GB/s
[case 09] b4_l8192_h64: B=4, L=8192, H=64
  passed=True match=1.000000 max_err=0.000976562 candidate=45.987ms flashinfer=0.104ms bw=0.8GB/s
[case 10] b1_l16384_h64: B=1, L=16384, H=64
  passed=True match=1.000000 max_err=0.000976562 candidate=91.116ms flashinfer=0.086ms bw=0.2GB/s
[case 11] b4_l16384_h64: B=4, L=16384, H=64
  passed=True match=1.000000 max_err=0.000976562 candidate=92.021ms flashinfer=0.159ms bw=0.8GB/s
[case 12] b16_l16384_h64: B=16, L=16384, H=64
  passed=True match=1.000000 max_err=0.000976562 candidate=108.487ms flashinfer=0.398ms bw=2.8GB/s
[case 13] b1_l1024_h128: B=1, L=1024, H=128
  passed=True match=1.000000 max_err=0.00195312 candidate=4.747ms flashinfer=0.045ms bw=0.2GB/s
[case 14] b4_l1024_h128: B=4, L=1024, H=128
  passed=True match=1.000000 max_err=0.00195312 candidate=4.919ms flashinfer=0.051ms bw=1.0GB/s
[case 15] b16_l1024_h128: B=16, L=1024, H=128
  passed=True match=1.000000 max_err=0.00195312 candidate=7.076ms flashinfer=0.106ms bw=2.7GB/s
[case 16] b64_l1024_h128: B=64, L=1024, H=128
  passed=True match=1.000000 max_err=0.00195312 candidate=20.673ms flashinfer=0.327ms bw=3.7GB/s
[case 17] b1_l4096_h128: B=1, L=4096, H=128
  passed=True match=1.000000 max_err=0.000976562 candidate=19.161ms flashinfer=0.054ms bw=0.2GB/s
[case 18] b16_l4096_h128: B=16, L=4096, H=128
  passed=True match=1.000000 max_err=0.000976562 candidate=28.217ms flashinfer=0.266ms bw=2.7GB/s
[case 19] b1_l16384_h128: B=1, L=16384, H=128
  passed=True match=1.000000 max_err=0.000976562 candidate=90.783ms flashinfer=0.109ms bw=0.2GB/s
[case 20] b4_l16384_h128: B=4, L=16384, H=128
  passed=True match=1.000000 max_err=0.000976562 candidate=92.889ms flashinfer=0.289ms bw=0.8GB/s
[case 21] odd_b3_l1023_h64: B=3, L=1023, H=64
  passed=True match=1.000000 max_err=0.00195312 candidate=4.753ms flashinfer=0.044ms bw=0.7GB/s
[case 22] odd_b5_l257_h128: B=5, L=257, H=128
  passed=True match=1.000000 max_err=0.00390625 candidate=1.252ms flashinfer=0.047ms bw=1.2GB/s
[result] /data/flashinfer_task_package/mla_paged_attention_code/stage_a_baseline_results.csv
[meta]   /data/flashinfer_task_package/mla_paged_attention_code/stage_a_baseline_results.meta.txt
